
> vite_react_shadcn_ts@0.0.0 build:dev
> vite build --mode development

[36mvite v5.4.19 [32mbuilding for development...[36m[39m
transforming...
node.exe : 
Browserslist: browsers 
data (caniuse-lite) is 
8 months old. Please 
run:
At line:1 char:1
+ & "C:\Program 
Files\nodejs/node.exe" 
"C:\Program 
Files\nodejs/node_mo 
...
+ ~~~~~~~~~~~~~~~~~~~~~
~~~~~~~~~~~~~~~~~~~~~~~
~~~~~~~~~~~~~~~~~~~~~~~
~~
    + CategoryInfo     
         : NotSpecifi  
  ed: (Browserslist:   
  b...ld. Please ru    
n::String) [], Rem    
oteException
    + FullyQualifiedEr 
   rorId : NativeComm  
  andError
 
  npx update-browsersli
st-db@latest
  Why you should do it 
regularly: https://gith
ub.com/browserslist/upd
ate-db#readme
[32mΓ£ô[39m 1687 modules transformed.
rendering chunks...
computing gzip size...
[2mdist/[22m[32mindex.html                 [39m[1m[2m  3.16 kB[22m[1m[22m[2m Γöé gzip:   1.11 kB[22m
[2mdist/[22m[35massets/index-BXTQMjI1.css  [39m[1m[2m 62.62 kB[22m[1m[22m[2m Γöé gzip:  10.77 kB[22m
[2mdist/[22m[36massets/index-CTYo90bS.js   [39m[1m[2m341.70 kB[22m[1m[22m[2m Γöé gzip: 109.28 kB[22m
[32mΓ£ô built in 3.29s[39m
